// Jest Snapshot v1, https://goo.gl/fbAQLP

exports[`Tessing of testing Test Redux Snapshot 1`] = `
Object {
  "asFragment": [Function],
  "baseElement": <body>
    <div>
      <div
        class="App"
      >
        <header
          class="container"
        >
          <nav>
            <a
              href="/"
            >
              Home
            </a>
            <span>
              Leaderboard
            </span>
            <span>
              UserName
            </span>
            <a
              class="btn"
              href="/auth"
            >
              Logout
            </a>
            <a
              class="btn"
              href="/create"
            >
              Create new poll
            </a>
            <hr />
          </nav>
        </header>
        <div
          style="direction: ltr;"
        >
          <div
            class=""
            style="width: 0%; transition: width 800ms linear 0s; will-change: width, opacity; height: 3px; background-color: red; position: absolute; opacity: 0;"
          />
          <div
            style="display: table; clear: both;"
          />
        </div>
      </div>
      <div
        class="notice"
      >
        If you want to use this app go to do
        <a
          href="/auth"
        >
          Auth
        </a>
      </div>
      <div
        class="container"
      >
        <h1>
          Hi, users
        </h1>
      </div>
    </div>
  </body>,
  "container": <div>
    <div
      class="App"
    >
      <header
        class="container"
      >
        <nav>
          <a
            href="/"
          >
            Home
          </a>
          <span>
            Leaderboard
          </span>
          <span>
            UserName
          </span>
          <a
            class="btn"
            href="/auth"
          >
            Logout
          </a>
          <a
            class="btn"
            href="/create"
          >
            Create new poll
          </a>
          <hr />
        </nav>
      </header>
      <div
        style="direction: ltr;"
      >
        <div
          class=""
          style="width: 0%; transition: width 800ms linear 0s; will-change: width, opacity; height: 3px; background-color: red; position: absolute; opacity: 0;"
        />
        <div
          style="display: table; clear: both;"
        />
      </div>
    </div>
    <div
      class="notice"
    >
      If you want to use this app go to do
      <a
        href="/auth"
      >
        Auth
      </a>
    </div>
    <div
      class="container"
    >
      <h1>
        Hi, users
      </h1>
    </div>
  </div>,
  "debug": [Function],
  "findAllByAltText": [Function],
  "findAllByDisplayValue": [Function],
  "findAllByLabelText": [Function],
  "findAllByPlaceholderText": [Function],
  "findAllByRole": [Function],
  "findAllByTestId": [Function],
  "findAllByText": [Function],
  "findAllByTitle": [Function],
  "findByAltText": [Function],
  "findByDisplayValue": [Function],
  "findByLabelText": [Function],
  "findByPlaceholderText": [Function],
  "findByRole": [Function],
  "findByTestId": [Function],
  "findByText": [Function],
  "findByTitle": [Function],
  "getAllByAltText": [Function],
  "getAllByDisplayValue": [Function],
  "getAllByLabelText": [Function],
  "getAllByPlaceholderText": [Function],
  "getAllByRole": [Function],
  "getAllByTestId": [Function],
  "getAllByText": [Function],
  "getAllByTitle": [Function],
  "getByAltText": [Function],
  "getByDisplayValue": [Function],
  "getByLabelText": [Function],
  "getByPlaceholderText": [Function],
  "getByRole": [Function],
  "getByTestId": [Function],
  "getByText": [Function],
  "getByTitle": [Function],
  "queryAllByAltText": [Function],
  "queryAllByDisplayValue": [Function],
  "queryAllByLabelText": [Function],
  "queryAllByPlaceholderText": [Function],
  "queryAllByRole": [Function],
  "queryAllByTestId": [Function],
  "queryAllByText": [Function],
  "queryAllByTitle": [Function],
  "queryByAltText": [Function],
  "queryByDisplayValue": [Function],
  "queryByLabelText": [Function],
  "queryByPlaceholderText": [Function],
  "queryByRole": [Function],
  "queryByTestId": [Function],
  "queryByText": [Function],
  "queryByTitle": [Function],
  "rerender": [Function],
  "unmount": [Function],
}
`;
